WARNING: The directory '/home/agent/.cache/pip' or its parent directory is not owned or is not writable by the current user. The cache has been disabled. Check the permissions and owner of that directory. If executing pip with sudo, you should use sudo's -H flag.
Collecting docling-slim==2.137.0 (from docling-slim[convert-core,format-pdf]==2.137.0)
  Downloading docling_slim-2.137.0-py3-none-any.whl.metadata (20 kB)
Collecting certifi>=2024.7.4 (from docling-slim==2.137.0->docling-slim[convert-core,format-pdf]==2.137.0)
  Downloading certifi-2026.7.22-py3-none-any.whl.metadata (2.5 kB)
Collecting docling-core<3.0.0,>=2.98.0 (from docling-slim==2.137.0->docling-slim[convert-core,format-pdf]==2.137.0)
  Downloading docling_core-2.101.1-py3-none-any.whl.metadata (8.5 kB)
Collecting filetype<2.0.0,>=1.2.0 (from docling-slim==2.137.0->docling-slim[convert-core,format-pdf]==2.137.0)
  Downloading filetype-1.2.0-py2.py3-none-any.whl.metadata (6.5 kB)
Collecting langcodes<4.0.0,>=3.5.0 (from docling-slim==2.137.0->docling-slim[convert-core,format-pdf]==2.137.0)
  Downloading langcodes-3.5.1-py3-none-any.whl.metadata (30 kB)
Collecting pluggy<2.0.0,>=1.0.0 (from docling-slim==2.137.0->docling-slim[convert-core,format-pdf]==2.137.0)
  Downloading pluggy-1.6.0-py3-none-any.whl.metadata (4.8 kB)
Collecting pydantic-settings<3.0.0,>=2.3.0 (from docling-slim==2.137.0->docling-slim[convert-core,format-pdf]==2.137.0)
  Downloading pydantic_settings-2.15.0-py3-none-any.whl.metadata (3.9 kB)
Collecting pydantic<3.0.0,>=2.0.0 (from docling-slim==2.137.0->docling-slim[convert-core,format-pdf]==2.137.0)
  Downloading pydantic-2.14.0-py3-none-any.whl.metadata (131 kB)
Collecting requests<3.0.0,>=2.32.2 (from docling-slim==2.137.0->docling-slim[convert-core,format-pdf]==2.137.0)
  Downloading requests-2.34.2-py3-none-any.whl.metadata (4.8 kB)
Collecting tqdm<5.0.0,>=4.65.0 (from docling-slim==2.137.0->docling-slim[convert-core,format-pdf]==2.137.0)
  Downloading tqdm-4.70.1-py3-none-any.whl.metadata (57 kB)
Collecting numpy<3.0.0,>=1.24.0 (from docling-slim[convert-core,format-pdf]==2.137.0)
  Downloading numpy-2.5.3-cp312-cp312-manylinux_2_27_x86_64.manylinux_2_28_x86_64.whl.metadata (6.6 kB)
Collecting pillow<13.0.0,>=10.0.0 (from docling-slim[convert-core,format-pdf]==2.137.0)
  Downloading pillow-12.3.0-cp312-cp312-manylinux_2_27_x86_64.manylinux_2_28_x86_64.whl.metadata (9.1 kB)
Collecting rtree<2.0.0,>=1.3.0 (from docling-slim[convert-core,format-pdf]==2.137.0)
  Downloading rtree-1.4.1-py3-none-manylinux_2_24_x86_64.manylinux_2_28_x86_64.whl.metadata (2.1 kB)
Collecting scipy<2.0.0,>=1.6.0 (from docling-slim[convert-core,format-pdf]==2.137.0)
  Downloading scipy-1.18.1-cp312-cp312-manylinux_2_27_x86_64.manylinux_2_28_x86_64.whl.metadata (62 kB)
Collecting docling-parse<8.0.0,>=7.22.1 (from docling-slim[convert-core,format-pdf]==2.137.0)
  Downloading docling_parse-7.22.2-cp312-cp312-manylinux_2_27_x86_64.manylinux_2_28_x86_64.whl.metadata (15 kB)
Collecting pypdfium2!=4.30.1,<6.0.0,>=4.30.0 (from docling-slim[convert-core,format-pdf]==2.137.0)
  Downloading pypdfium2-5.14.0-py3-none-manylinux_2_17_x86_64.manylinux2014_x86_64.whl.metadata (62 kB)
Collecting jsonschema<5.0.0,>=4.16.0 (from docling-core<3.0.0,>=2.98.0->docling-slim==2.137.0->docling-slim[convert-core,format-pdf]==2.137.0)
  Downloading jsonschema-4.26.0-py3-none-any.whl.metadata (7.6 kB)
Collecting jsonref<2.0.0,>=1.1.0 (from docling-core<3.0.0,>=2.98.0->docling-slim==2.137.0->docling-slim[convert-core,format-pdf]==2.137.0)
  Downloading jsonref-1.1.0-py3-none-any.whl.metadata (2.7 kB)
Collecting tabulate<0.11.0,>=0.9.0 (from docling-core<3.0.0,>=2.98.0->docling-slim==2.137.0->docling-slim[convert-core,format-pdf]==2.137.0)
  Downloading tabulate-0.10.0-py3-none-any.whl.metadata (40 kB)
Collecting pandas<4.0.0,>=2.1.4 (from docling-core<3.0.0,>=2.98.0->docling-slim==2.137.0->docling-slim[convert-core,format-pdf]==2.137.0)
  Downloading pandas-3.0.6-cp312-cp312-manylinux_2_24_x86_64.manylinux_2_28_x86_64.whl.metadata (79 kB)
Collecting pyyaml<7.0.0,>=5.1 (from docling-core<3.0.0,>=2.98.0->docling-slim==2.137.0->docling-slim[convert-core,format-pdf]==2.137.0)
  Downloading pyyaml-6.0.3-cp312-cp312-manylinux2014_x86_64.manylinux_2_17_x86_64.manylinux_2_28_x86_64.whl.metadata (2.4 kB)
Collecting typing-extensions<5.0.0,>=4.12.2 (from docling-core<3.0.0,>=2.98.0->docling-slim==2.137.0->docling-slim[convert-core,format-pdf]==2.137.0)
  Downloading typing_extensions-4.16.0-py3-none-any.whl.metadata (3.3 kB)
Collecting typer<0.27.0,>=0.12.5 (from docling-core<3.0.0,>=2.98.0->docling-slim==2.137.0->docling-slim[convert-core,format-pdf]==2.137.0)
  Downloading typer-0.26.8-py3-none-any.whl.metadata (15 kB)
Collecting latex2mathml<4.0.0,>=3.77.0 (from docling-core<3.0.0,>=2.98.0->docling-slim==2.137.0->docling-slim[convert-core,format-pdf]==2.137.0)
  Downloading latex2mathml-3.81.1-py3-none-any.whl.metadata (15 kB)
Collecting defusedxml<0.8.0,>=0.7.1 (from docling-core<3.0.0,>=2.98.0->docling-slim==2.137.0->docling-slim[convert-core,format-pdf]==2.137.0)
  Downloading defusedxml-0.7.1-py2.py3-none-any.whl.metadata (32 kB)
Collecting doclang<0.8,>=0.7 (from docling-core<3.0.0,>=2.98.0->docling-slim==2.137.0->docling-slim[convert-core,format-pdf]==2.137.0)
  Downloading doclang-0.7.3-py3-none-any.whl.metadata (4.6 kB)
Collecting annotated-types>=0.6.0 (from pydantic<3.0.0,>=2.0.0->docling-slim==2.137.0->docling-slim[convert-core,format-pdf]==2.137.0)
  Downloading annotated_types-0.8.0-py3-none-any.whl.metadata (15 kB)
Collecting pydantic-core==2.50.0 (from pydantic<3.0.0,>=2.0.0->docling-slim==2.137.0->docling-slim[convert-core,format-pdf]==2.137.0)
  Downloading pydantic_core-2.50.0-cp312-cp312-manylinux_2_17_x86_64.manylinux2014_x86_64.whl.metadata (6.5 kB)
Collecting typing-inspection>=0.4.4 (from pydantic<3.0.0,>=2.0.0->docling-slim==2.137.0->docling-slim[convert-core,format-pdf]==2.137.0)
  Downloading typing_inspection-0.4.4-py3-none-any.whl.metadata (2.6 kB)
Collecting python-dotenv>=0.21.0 (from pydantic-settings<3.0.0,>=2.3.0->docling-slim==2.137.0->docling-slim[convert-core,format-pdf]==2.137.0)
  Downloading python_dotenv-1.2.4-py3-none-any.whl.metadata (29 kB)
Collecting charset_normalizer<4,>=2 (from requests<3.0.0,>=2.32.2->docling-slim==2.137.0->docling-slim[convert-core,format-pdf]==2.137.0)
  Downloading charset_normalizer-3.5.2-cp312-cp312-manylinux2014_x86_64.manylinux_2_17_x86_64.manylinux_2_28_x86_64.whl.metadata (46 kB)
Collecting idna<4,>=2.5 (from requests<3.0.0,>=2.32.2->docling-slim==2.137.0->docling-slim[convert-core,format-pdf]==2.137.0)
  Downloading idna-3.20-py3-none-any.whl.metadata (7.2 kB)
Collecting urllib3<3,>=1.26 (from requests<3.0.0,>=2.32.2->docling-slim==2.137.0->docling-slim[convert-core,format-pdf]==2.137.0)
  Downloading urllib3-2.8.0-py3-none-any.whl.metadata (7.4 kB)
Collecting lxml>=4.8.0 (from doclang<0.8,>=0.7->docling-core<3.0.0,>=2.98.0->docling-slim==2.137.0->docling-slim[convert-core,format-pdf]==2.137.0)
  Downloading lxml-6.1.3-cp312-cp312-manylinux_2_26_x86_64.manylinux_2_28_x86_64.whl.metadata (3.3 kB)
Collecting attrs>=22.2.0 (from jsonschema<5.0.0,>=4.16.0->docling-core<3.0.0,>=2.98.0->docling-slim==2.137.0->docling-slim[convert-core,format-pdf]==2.137.0)
  Downloading attrs-26.1.0-py3-none-any.whl.metadata (8.8 kB)
Collecting jsonschema-specifications>=2023.03.6 (from jsonschema<5.0.0,>=4.16.0->docling-core<3.0.0,>=2.98.0->docling-slim==2.137.0->docling-slim[convert-core,format-pdf]==2.137.0)
  Downloading jsonschema_specifications-2025.9.1-py3-none-any.whl.metadata (2.9 kB)
Collecting referencing>=0.28.4 (from jsonschema<5.0.0,>=4.16.0->docling-core<3.0.0,>=2.98.0->docling-slim==2.137.0->docling-slim[convert-core,format-pdf]==2.137.0)
  Downloading referencing-0.37.0-py3-none-any.whl.metadata (2.8 kB)
Collecting rpds-py>=0.25.0 (from jsonschema<5.0.0,>=4.16.0->docling-core<3.0.0,>=2.98.0->docling-slim==2.137.0->docling-slim[convert-core,format-pdf]==2.137.0)
  Downloading rpds_py-2026.9.1-cp312-cp312-manylinux_2_17_x86_64.manylinux2014_x86_64.whl.metadata (4.1 kB)
Collecting python-dateutil>=2.8.2 (from pandas<4.0.0,>=2.1.4->docling-core<3.0.0,>=2.98.0->docling-slim==2.137.0->docling-slim[convert-core,format-pdf]==2.137.0)
  Downloading python_dateutil-2.9.0.post0-py2.py3-none-any.whl.metadata (8.4 kB)
Collecting shellingham>=1.3.0 (from typer<0.27.0,>=0.12.5->docling-core<3.0.0,>=2.98.0->docling-slim==2.137.0->docling-slim[convert-core,format-pdf]==2.137.0)
  Downloading shellingham-1.5.4-py2.py3-none-any.whl.metadata (3.5 kB)
Collecting rich>=13.8.0 (from typer<0.27.0,>=0.12.5->docling-core<3.0.0,>=2.98.0->docling-slim==2.137.0->docling-slim[convert-core,format-pdf]==2.137.0)
  Downloading rich-15.0.0-py3-none-any.whl.metadata (18 kB)
Collecting annotated-doc>=0.0.2 (from typer<0.27.0,>=0.12.5->docling-core<3.0.0,>=2.98.0->docling-slim==2.137.0->docling-slim[convert-core,format-pdf]==2.137.0)
  Downloading annotated_doc-0.0.5-py3-none-any.whl.metadata (6.5 kB)
Collecting six>=1.5 (from python-dateutil>=2.8.2->pandas<4.0.0,>=2.1.4->docling-core<3.0.0,>=2.98.0->docling-slim==2.137.0->docling-slim[convert-core,format-pdf]==2.137.0)
  Downloading six-1.17.0-py2.py3-none-any.whl.metadata (1.7 kB)
Collecting markdown-it-py>=2.2.0 (from rich>=13.8.0->typer<0.27.0,>=0.12.5->docling-core<3.0.0,>=2.98.0->docling-slim==2.137.0->docling-slim[convert-core,format-pdf]==2.137.0)
  Downloading markdown_it_py-4.2.0-py3-none-any.whl.metadata (7.4 kB)
Collecting pygments<3.0.0,>=2.13.0 (from rich>=13.8.0->typer<0.27.0,>=0.12.5->docling-core<3.0.0,>=2.98.0->docling-slim==2.137.0->docling-slim[convert-core,format-pdf]==2.137.0)
  Downloading pygments-2.21.0-py3-none-any.whl.metadata (2.5 kB)
Collecting mdurl~=0.1 (from markdown-it-py>=2.2.0->rich>=13.8.0->typer<0.27.0,>=0.12.5->docling-core<3.0.0,>=2.98.0->docling-slim==2.137.0->docling-slim[convert-core,format-pdf]==2.137.0)
  Downloading mdurl-0.1.2-py3-none-any.whl.metadata (1.6 kB)
Downloading docling_slim-2.137.0-py3-none-any.whl (992 kB)
   ━━━━━━━━━━━━━━━━━━━━━━━━━━━━━━━━━━━━━━━━ 992.9/992.9 kB 9.5 MB/s eta 0:00:00
Downloading certifi-2026.7.22-py3-none-any.whl (136 kB)
Downloading docling_core-2.101.1-py3-none-any.whl (317 kB)
Downloading docling_parse-7.22.2-cp312-cp312-manylinux_2_27_x86_64.manylinux_2_28_x86_64.whl (10.8 MB)
   ━━━━━━━━━━━━━━━━━━━━━━━━━━━━━━━━━━━━━━━━ 10.8/10.8 MB 14.1 MB/s eta 0:00:00
Downloading filetype-1.2.0-py2.py3-none-any.whl (19 kB)
Downloading langcodes-3.5.1-py3-none-any.whl (183 kB)
Downloading numpy-2.5.3-cp312-cp312-manylinux_2_27_x86_64.manylinux_2_28_x86_64.whl (16.7 MB)
   ━━━━━━━━━━━━━━━━━━━━━━━━━━━━━━━━━━━━━━━━ 16.7/16.7 MB 13.4 MB/s eta 0:00:00
Downloading pillow-12.3.0-cp312-cp312-manylinux_2_27_x86_64.manylinux_2_28_x86_64.whl (6.9 MB)
   ━━━━━━━━━━━━━━━━━━━━━━━━━━━━━━━━━━━━━━━━ 6.9/6.9 MB 11.1 MB/s eta 0:00:00
Downloading pluggy-1.6.0-py3-none-any.whl (20 kB)
Downloading pydantic-2.14.0-py3-none-any.whl (487 kB)
Downloading pydantic_core-2.50.0-cp312-cp312-manylinux_2_17_x86_64.manylinux2014_x86_64.whl (2.2 MB)
   ━━━━━━━━━━━━━━━━━━━━━━━━━━━━━━━━━━━━━━━━ 2.2/2.2 MB 9.6 MB/s eta 0:00:00
Downloading pydantic_settings-2.15.0-py3-none-any.whl (69 kB)
Downloading pypdfium2-5.14.0-py3-none-manylinux_2_17_x86_64.manylinux2014_x86_64.whl (3.8 MB)
   ━━━━━━━━━━━━━━━━━━━━━━━━━━━━━━━━━━━━━━━━ 3.8/3.8 MB 11.8 MB/s eta 0:00:00
Downloading requests-2.34.2-py3-none-any.whl (73 kB)
Downloading rtree-1.4.1-py3-none-manylinux_2_24_x86_64.manylinux_2_28_x86_64.whl (507 kB)
Downloading scipy-1.18.1-cp312-cp312-manylinux_2_27_x86_64.manylinux_2_28_x86_64.whl (35.3 MB)
   ━━━━━━━━━━━━━━━━━━━━━━━━━━━━━━━━━━━━━━━━ 35.3/35.3 MB 16.3 MB/s eta 0:00:00
Downloading tqdm-4.70.1-py3-none-any.whl (80 kB)
Downloading annotated_types-0.8.0-py3-none-any.whl (13 kB)
Downloading charset_normalizer-3.5.2-cp312-cp312-manylinux2014_x86_64.manylinux_2_17_x86_64.manylinux_2_28_x86_64.whl (257 kB)
Downloading defusedxml-0.7.1-py2.py3-none-any.whl (25 kB)
Downloading doclang-0.7.3-py3-none-any.whl (32 kB)
Downloading idna-3.20-py3-none-any.whl (69 kB)
Downloading jsonref-1.1.0-py3-none-any.whl (9.4 kB)
Downloading jsonschema-4.26.0-py3-none-any.whl (90 kB)
Downloading latex2mathml-3.81.1-py3-none-any.whl (79 kB)
Downloading pandas-3.0.6-cp312-cp312-manylinux_2_24_x86_64.manylinux_2_28_x86_64.whl (10.8 MB)
   ━━━━━━━━━━━━━━━━━━━━━━━━━━━━━━━━━━━━━━━━ 10.8/10.8 MB 14.1 MB/s eta 0:00:00
Downloading python_dotenv-1.2.4-py3-none-any.whl (23 kB)
Downloading pyyaml-6.0.3-cp312-cp312-manylinux2014_x86_64.manylinux_2_17_x86_64.manylinux_2_28_x86_64.whl (807 kB)
   ━━━━━━━━━━━━━━━━━━━━━━━━━━━━━━━━━━━━━━━━ 807.9/807.9 kB 63.5 MB/s eta 0:00:00
Downloading tabulate-0.10.0-py3-none-any.whl (39 kB)
Downloading typer-0.26.8-py3-none-any.whl (122 kB)
Downloading typing_extensions-4.16.0-py3-none-any.whl (45 kB)
Downloading typing_inspection-0.4.4-py3-none-any.whl (14 kB)
Downloading urllib3-2.8.0-py3-none-any.whl (135 kB)
Downloading annotated_doc-0.0.5-py3-none-any.whl (5.3 kB)
Downloading attrs-26.1.0-py3-none-any.whl (67 kB)
Downloading jsonschema_specifications-2025.9.1-py3-none-any.whl (18 kB)
Downloading lxml-6.1.3-cp312-cp312-manylinux_2_26_x86_64.manylinux_2_28_x86_64.whl (5.2 MB)
   ━━━━━━━━━━━━━━━━━━━━━━━━━━━━━━━━━━━━━━━━ 5.2/5.2 MB 12.8 MB/s eta 0:00:00
Downloading python_dateutil-2.9.0.post0-py2.py3-none-any.whl (229 kB)
Downloading referencing-0.37.0-py3-none-any.whl (26 kB)
Downloading rich-15.0.0-py3-none-any.whl (310 kB)
Downloading rpds_py-2026.9.1-cp312-cp312-manylinux_2_17_x86_64.manylinux2014_x86_64.whl (371 kB)
Downloading shellingham-1.5.4-py2.py3-none-any.whl (9.8 kB)
Downloading markdown_it_py-4.2.0-py3-none-any.whl (91 kB)
Downloading pygments-2.21.0-py3-none-any.whl (1.3 MB)
   ━━━━━━━━━━━━━━━━━━━━━━━━━━━━━━━━━━━━━━━━ 1.3/1.3 MB 17.2 MB/s eta 0:00:00
Downloading six-1.17.0-py2.py3-none-any.whl (11 kB)
Downloading mdurl-0.1.2-py3-none-any.whl (10.0 kB)
Installing collected packages: filetype, urllib3, typing-extensions, tqdm, tabulate, six, shellingham, rtree, rpds-py, pyyaml, python-dotenv, pypdfium2, pygments, pluggy, pillow, numpy, mdurl, lxml, latex2mathml, langcodes, jsonref, idna, defusedxml, charset_normalizer, certifi, attrs, annotated-types, annotated-doc, typing-inspection, scipy, requests, referencing, python-dateutil, pydantic-core, markdown-it-py, rich, pydantic, pandas, jsonschema-specifications, typer, pydantic-settings, jsonschema, doclang, docling-core, docling-slim, docling-parse
Successfully installed annotated-doc-0.0.5 annotated-types-0.8.0 attrs-26.1.0 certifi-2026.7.22 charset_normalizer-3.5.2 defusedxml-0.7.1 doclang-0.7.3 docling-core-2.101.1 docling-parse-7.22.2 docling-slim-2.137.0 filetype-1.2.0 idna-3.20 jsonref-1.1.0 jsonschema-4.26.0 jsonschema-specifications-2025.9.1 langcodes-3.5.1 latex2mathml-3.81.1 lxml-6.1.3 markdown-it-py-4.2.0 mdurl-0.1.2 numpy-2.5.3 pandas-3.0.6 pillow-12.3.0 pluggy-1.6.0 pydantic-2.14.0 pydantic-core-2.50.0 pydantic-settings-2.15.0 pygments-2.21.0 pypdfium2-5.14.0 python-dateutil-2.9.0.post0 python-dotenv-1.2.4 pyyaml-6.0.3 referencing-0.37.0 requests-2.34.2 rich-15.0.0 rpds-py-2026.9.1 rtree-1.4.1 scipy-1.18.1 shellingham-1.5.4 six-1.17.0 tabulate-0.10.0 tqdm-4.70.1 typer-0.26.8 typing-extensions-4.16.0 typing-inspection-0.4.4 urllib3-2.8.0

[notice] A new release of pip is available: 25.0.1 -> 26.2.1
[notice] To update, run: python -m pip install --upgrade pip
